
R version 4.1.0 (2021-05-18) -- "Camp Pontanezen"
Copyright (C) 2021 The R Foundation for Statistical Computing
Platform: x86_64-w64-mingw32/x64 (64-bit)

R is free software and comes with ABSOLUTELY NO WARRANTY.
You are welcome to redistribute it under certain conditions.
Type 'license()' or 'licence()' for distribution details.

R is a collaborative project with many contributors.
Type 'contributors()' for more information and
'citation()' on how to cite R or R packages in publications.

Type 'demo()' for some demos, 'help()' for on-line help, or
'help.start()' for an HTML browser interface to help.
Type 'q()' to quit R.

> install.packages("MASS")
Instalowanie pakietu w ‘E:/Users/denn/Documents/R/win-library/4.1’
(ponieważ ‘lib’ nie jest określony)

  Jest dostępna wersja binarna ale wersja ze źródłami jest późniejsza:
       binary source needs_compilation
MASS 7.3-58.3 7.3-60              TRUE

trying URL 'https://cran.rstudio.com/bin/windows/contrib/4.1/MASS_7.3-58.3.zip'
Content type 'application/zip' length 1193248 bytes (1.1 MB)
downloaded 1.1 MB

package ‘MASS’ successfully unpacked and MD5 sums checked

The downloaded binary packages are in
	E:\Users\denn\AppData\Local\Temp\Rtmpg7URhF\downloaded_packages
> install.packages("mlr")
Instalowanie pakietu w ‘E:/Users/denn/Documents/R/win-library/4.1’
(ponieważ ‘lib’ nie jest określony)
instalowanie dodatkowych zależności ‘fastmatch’, ‘ParamHelpers’, ‘backports’, ‘BBmisc’, ‘checkmate’, ‘data.table’, ‘parallelMap’, ‘XML’


  Jest dostępna wersja binarna ale wersja ze źródłami
  jest późniejsza:
          binary source needs_compilation
checkmate  2.1.0  2.2.0              TRUE

trying URL 'https://cran.rstudio.com/bin/windows/contrib/4.1/fastmatch_1.1-3.zip'
Content type 'application/zip' length 53639 bytes (52 KB)
downloaded 52 KB

trying URL 'https://cran.rstudio.com/bin/windows/contrib/4.1/ParamHelpers_1.14.1.zip'
Content type 'application/zip' length 443312 bytes (432 KB)
downloaded 432 KB

trying URL 'https://cran.rstudio.com/bin/windows/contrib/4.1/backports_1.4.1.zip'
Content type 'application/zip' length 110673 bytes (108 KB)
downloaded 108 KB

trying URL 'https://cran.rstudio.com/bin/windows/contrib/4.1/BBmisc_1.13.zip'
Content type 'application/zip' length 325321 bytes (317 KB)
downloaded 317 KB

trying URL 'https://cran.rstudio.com/bin/windows/contrib/4.1/checkmate_2.1.0.zip'
Content type 'application/zip' length 712834 bytes (696 KB)
downloaded 696 KB

trying URL 'https://cran.rstudio.com/bin/windows/contrib/4.1/data.table_1.14.8.zip'
Content type 'application/zip' length 2634903 bytes (2.5 MB)
downloaded 2.5 MB

trying URL 'https://cran.rstudio.com/bin/windows/contrib/4.1/parallelMap_1.5.1.zip'
Content type 'application/zip' length 106089 bytes (103 KB)
downloaded 103 KB

trying URL 'https://cran.rstudio.com/bin/windows/contrib/4.1/XML_3.99-0.14.zip'
Content type 'application/zip' length 4261387 bytes (4.1 MB)
downloaded 4.1 MB

trying URL 'https://cran.rstudio.com/bin/windows/contrib/4.1/mlr_2.19.1.zip'
Content type 'application/zip' length 4826380 bytes (4.6 MB)
downloaded 4.6 MB

package ‘fastmatch’ successfully unpacked and MD5 sums checked
package ‘ParamHelpers’ successfully unpacked and MD5 sums checked
package ‘backports’ successfully unpacked and MD5 sums checked
package ‘BBmisc’ successfully unpacked and MD5 sums checked
package ‘checkmate’ successfully unpacked and MD5 sums checked
package ‘data.table’ successfully unpacked and MD5 sums checked
package ‘parallelMap’ successfully unpacked and MD5 sums checked
package ‘XML’ successfully unpacked and MD5 sums checked
package ‘mlr’ successfully unpacked and MD5 sums checked

The downloaded binary packages are in
	E:\Users\denn\AppData\Local\Temp\Rtmpg7URhF\downloaded_packages
> library("mlr")
Ładowanie wymaganego pakietu: ParamHelpers
Warning message: 'mlr' is in 'maintenance-only' mode
since July 2019. Future development will only happen in
'mlr3' (<https://mlr3.mlr-org.com>). Due to the focus
on 'mlr3' there might be uncaught bugs meanwhile in
{mlr} - please consider switching.
Warning messages:
1: pakiet ‘mlr’ został zbudowany w wersji R 4.1.3 
2: pakiet ‘ParamHelpers’ został zbudowany w wersji R 4.1.3 
> library("MASS")
Warning message:
pakiet ‘MASS’ został zbudowany w wersji R 4.1.3 
> data(cats)
> View(cats)
> View(cats)
> # Utworzenie zadania klasyfikacji na podstawie zmiennej "Sex"
> cats_task <- makeClassifTask(data = cats, target = "Sex")
> # Podział danych na zbiór treningowy i testowy 
> train_indices <- sample(1:nrow(cats), size = round(0.7 * nrow(cats)), replace = FALSE)
> traindata <- cats[train_indices, ]
> testdata <- cats[-train_indices, ]
> # Utworzenie modelu uczącego i trening modelu
> learner <- makeLearner("classif.rpart")
> model <- train(learner, cats_task)
> # Ocena jakości modelu
> predictions <- predict(model, newdata = testdata)
> # Podsumowanie modelu
> summary(model)
              Length Class           Mode     
learner        15    classif.rpart   list     
learner.model  14    rpart           list     
task.desc      13    ClassifTaskDesc list     
subset        144    -none-          numeric  
features        2    -none-          character
factor.levels   1    -none-          list     
time            1    -none-          numeric  
dump            0    -none-          NULL     
> plot(model)
Error in xy.coords(x, y, xlabel, ylabel, log) : 
  'x' is a list, but does not have components 'x' and 'y'
> View(model)
> View(model)
> # Załadowanie pakietu rpart.plot (wyświetlanie modelu)
> install.packages("rpart.plot")
Instalowanie pakietu w ‘E:/Users/denn/Documents/R/win-library/4.1’
(ponieważ ‘lib’ nie jest określony)
trying URL 'https://cran.rstudio.com/bin/windows/contrib/4.1/rpart.plot_3.1.1.zip'
Content type 'application/zip' length 1035336 bytes (1011 KB)
downloaded 1011 KB

package ‘rpart.plot’ successfully unpacked and MD5 sums checked

The downloaded binary packages are in
	E:\Users\denn\AppData\Local\Temp\Rtmpg7URhF\downloaded_packages
> library(rpart.plot)
Ładowanie wymaganego pakietu: rpart
Warning message:
pakiet ‘rpart.plot’ został zbudowany w wersji R 4.1.3 
> rpart.plot(getLearnerModel(model))
Warning message:
Cannot retrieve the data used to build the model (so cannot determine roundint and is.binary for the variables).
To silence this warning:
    Call rpart.plot with roundint=FALSE,
    or rebuild the rpart model with model=TRUE. 


R version 4.1.0 (2021-05-18) -- "Camp Pontanezen"
Copyright (C) 2021 The R Foundation for Statistical Computing
Platform: x86_64-w64-mingw32/x64 (64-bit)

R is free software and comes with ABSOLUTELY NO WARRANTY.
You are welcome to redistribute it under certain conditions.
Type 'license()' or 'licence()' for distribution details.

R is a collaborative project with many contributors.
Type 'contributors()' for more information and
'citation()' on how to cite R or R packages in publications.

Type 'demo()' for some demos, 'help()' for on-line help, or
'help.start()' for an HTML browser interface to help.
Type 'q()' to quit R.

> # Instalacja pakietów
> install.packages("mlr")
Instalowanie pakietu w ‘E:/Users/denn/Documents/R/win-library/4.1’
(ponieważ ‘lib’ nie jest określony)
trying URL 'https://cran.rstudio.com/bin/windows/contrib/4.1/mlr_2.19.1.zip'
Content type 'application/zip' length 4826380 bytes (4.6 MB)
downloaded 4.6 MB

package ‘mlr’ successfully unpacked and MD5 sums checked

The downloaded binary packages are in
	E:\Users\denn\AppData\Local\Temp\RtmpwNFr16\downloaded_packages
> install.packages("e1071")
Instalowanie pakietu w ‘E:/Users/denn/Documents/R/win-library/4.1’
(ponieważ ‘lib’ nie jest określony)
trying URL 'https://cran.rstudio.com/bin/windows/contrib/4.1/e1071_1.7-13.zip'
Content type 'application/zip' length 773997 bytes (755 KB)
downloaded 755 KB

package ‘e1071’ successfully unpacked and MD5 sums checked

The downloaded binary packages are in
	E:\Users\denn\AppData\Local\Temp\RtmpwNFr16\downloaded_packages
> install.packages("C50")
Instalowanie pakietu w ‘E:/Users/denn/Documents/R/win-library/4.1’
(ponieważ ‘lib’ nie jest określony)
trying URL 'https://cran.rstudio.com/bin/windows/contrib/4.1/C50_0.1.8.zip'
Content type 'application/zip' length 475546 bytes (464 KB)
downloaded 464 KB

package ‘C50’ successfully unpacked and MD5 sums checked

The downloaded binary packages are in
	E:\Users\denn\AppData\Local\Temp\RtmpwNFr16\downloaded_packages
> install.packages("rFerns")
Instalowanie pakietu w ‘E:/Users/denn/Documents/R/win-library/4.1’
(ponieważ ‘lib’ nie jest określony)
trying URL 'https://cran.rstudio.com/bin/windows/contrib/4.1/rFerns_5.0.0.zip'
Content type 'application/zip' length 211475 bytes (206 KB)
downloaded 206 KB

package ‘rFerns’ successfully unpacked and MD5 sums checked

The downloaded binary packages are in
	E:\Users\denn\AppData\Local\Temp\RtmpwNFr16\downloaded_packages
> install.packages("randomForest")
Instalowanie pakietu w ‘E:/Users/denn/Documents/R/win-library/4.1’
(ponieważ ‘lib’ nie jest określony)
trying URL 'https://cran.rstudio.com/bin/windows/contrib/4.1/randomForest_4.7-1.1.zip'
Content type 'application/zip' length 252521 bytes (246 KB)
downloaded 246 KB

package ‘randomForest’ successfully unpacked and MD5 sums checked

The downloaded binary packages are in
	E:\Users\denn\AppData\Local\Temp\RtmpwNFr16\downloaded_packages
> install.packages("rpart")
Instalowanie pakietu w ‘E:/Users/denn/Documents/R/win-library/4.1’
(ponieważ ‘lib’ nie jest określony)
trying URL 'https://cran.rstudio.com/bin/windows/contrib/4.1/rpart_4.1.19.zip'
Content type 'application/zip' length 984033 bytes (960 KB)
downloaded 960 KB

package ‘rpart’ successfully unpacked and MD5 sums checked

The downloaded binary packages are in
	E:\Users\denn\AppData\Local\Temp\RtmpwNFr16\downloaded_packages
> # Ładowanie bibliotek
> library(mlr)
Ładowanie wymaganego pakietu: ParamHelpers
Warning message: 'mlr' is in 'maintenance-only' mode since July 2019. Future development will only
happen in 'mlr3' (<https://mlr3.mlr-org.com>). Due to the focus on 'mlr3' there might be uncaught
bugs meanwhile in {mlr} - please consider switching.
Warning messages:
1: pakiet ‘mlr’ został zbudowany w wersji R 4.1.3 
2: pakiet ‘ParamHelpers’ został zbudowany w wersji R 4.1.3 
> library(e1071)

Dołączanie pakietu: ‘e1071’

Następujący obiekt został zakryty z ‘package:mlr’:

    impute

Warning message:
pakiet ‘e1071’ został zbudowany w wersji R 4.1.3 
> library(C50)
Warning message:
pakiet ‘C50’ został zbudowany w wersji R 4.1.3 
> library(rFerns)
Warning message:
pakiet ‘rFerns’ został zbudowany w wersji R 4.1.3 
> library(randomForest)
randomForest 4.7-1.1
Type rfNews() to see new features/changes/bug fixes.
Warning message:
pakiet ‘randomForest’ został zbudowany w wersji R 4.1.3 
> library(rpart)
Warning message:
pakiet ‘rpart’ został zbudowany w wersji R 4.1.3 
> # Wczytanie pliku CSV do zmiennej "data"
> data <- read.csv("E:/Users/denn/Desktop/iPady.csv")  
> # Wyświetlenie zawartości zmiennej "data"
> data 
                      model wyswietlacz procesor ram pamiec aparat cena ocena_klienta     kolor
1                 iPad 2021        10.2        8   8     64     12 1749             3     szary
2           iPad 10gen 2022        10.9        8   8     64     12 2749             4     szary
3             iPad Air 2020        10.9        8   8    256      8 4899             2   srebrny
4             iPad Air 2022        10.9        8   8     64     12 3359             5     szary
5             iPad Pro 2021        11.0        8  16    256     12 7699             4   srebrny
6        iPad Pro 2022 - 11        11.0        8   8    128     12 5199             5     szary
7      iPad Pro 2022 - 12.9        12.9        8   8   1024     12 6599             2     szary
8  iPad Pro 2022 - 11 - 2TB        11.0        8   8   2048     12 8599             3     szary
9            iPad mini 2021         8.3        6   4     64      6 2899             5 fioletowy
10           iPad mini 2019         7.9        6   3     64      6 2719             4     szary
   system_operacyjny           matryca
1           iPadOS15     Liquid Retina
2           iPadOS16     Liquid Retina
3           iPadOS14            Retina
4           iPadOS15 Liquid Retina XDR
5           iPadOS14     Liquid Retina
6           iPadOS16     Liquid Retina
7           iPadOS16 Liquid Retina XDR
8           iPadOS16     Liquid Retina
9           iPadOS15            Retina
10          iPadOS12            Retina
> # Ograniczenie kolumn danych
> data <- data[, 1:8]
> # Tworzenie zmiennych kategorycznych
> data$model = factor(data$model)
> data$ocena_klienta = factor(data$ocena_klienta)
> # Tworzenie opisu procedury resamplingu 
> rdesc = makeResampleDesc(method = "CV", iters = 10)
> # Tworzenie zadania klasyfikacji na podstawie wczytanych danych
> task = makeClassifTask(data = data, target = "ocena_klienta")
> # Tworzenie zbioru modeli (learners) do przetestowania w benchmarkingu
> lrns <- makeLearners(c("naiveBayes", "rpart", "rFerns", "C50", "randomForest"), type = "classif")
> # Przeprowadzenie procedury benchmarkingu dla różnych modeli uczenia maszynowego
> bmr <- benchmark(learners = lrns, tasks = task, rdesc, models = TRUE, measures = list(acc, ber))
Task: data, Learner: classif.naiveBayes
Resampling: cross-validation
Measures:             acc       ber       
[Resample] iter 1:    0.0000000      NaN  
[Resample] iter 2:    0.0000000      NaN  
[Resample] iter 3:    0.0000000      NaN  
[Resample] iter 4:    0.0000000      NaN  
[Resample] iter 5:    0.0000000      NaN  
[Resample] iter 6:    0.0000000      NaN  
[Resample] iter 7:    0.0000000      NaN  
[Resample] iter 8:    0.0000000      NaN  
[Resample] iter 9:    0.0000000      NaN  
[Resample] iter 10:   0.0000000      NaN  


Aggregated Result: acc.test.mean=0.0000000,ber.test.mean=     NaN


Task: data, Learner: classif.rpart
Resampling: cross-validation
Measures:             acc       ber       
[Resample] iter 1:    0.0000000      NaN  
[Resample] iter 2:    0.0000000      NaN  
[Resample] iter 3:    0.0000000      NaN  
[Resample] iter 4:    0.0000000      NaN  
[Resample] iter 5:    0.0000000      NaN  
[Resample] iter 6:    0.0000000      NaN  
[Resample] iter 7:    0.0000000      NaN  
[Resample] iter 8:    0.0000000      NaN  
[Resample] iter 9:    0.0000000      NaN  
[Resample] iter 10:   0.0000000      NaN  


Aggregated Result: acc.test.mean=0.0000000,ber.test.mean=     NaN


Task: data, Learner: classif.rFerns
Resampling: cross-validation
Measures:             acc       ber       
[Resample] iter 1:    0.0000000      NaN  
[Resample] iter 2:    0.0000000      NaN  
[Resample] iter 3:    0.0000000      NaN  
[Resample] iter 4:    1.0000000      NaN  
[Resample] iter 5:    0.0000000      NaN  
[Resample] iter 6:    1.0000000      NaN  
[Resample] iter 7:    0.0000000      NaN  
[Resample] iter 8:    1.0000000      NaN  
[Resample] iter 9:    0.0000000      NaN  
[Resample] iter 10:   1.0000000      NaN  


Aggregated Result: acc.test.mean=0.4000000,ber.test.mean=     NaN


Task: data, Learner: classif.C50
Resampling: cross-validation
Measures:             acc       ber       
[Resample] iter 1:    0.0000000      NaN  
[Resample] iter 2:    0.0000000      NaN  
[Resample] iter 3:    0.0000000      NaN  
[Resample] iter 4:    0.0000000      NaN  
[Resample] iter 5:    1.0000000      NaN  
[Resample] iter 6:    0.0000000      NaN  
[Resample] iter 7:    0.0000000      NaN  
[Resample] iter 8:    0.0000000      NaN  
[Resample] iter 9:    0.0000000      NaN  
[Resample] iter 10:   0.0000000      NaN  


Aggregated Result: acc.test.mean=0.1000000,ber.test.mean=     NaN


Task: data, Learner: classif.randomForest
Resampling: cross-validation
Measures:             acc       ber       
[Resample] iter 1:    0.0000000      NaN  
[Resample] iter 2:    0.0000000      NaN  
[Resample] iter 3:    0.0000000      NaN  
[Resample] iter 4:    0.0000000      NaN  
[Resample] iter 5:    1.0000000      NaN  
[Resample] iter 6:    0.0000000      NaN  
[Resample] iter 7:    0.0000000      NaN  
[Resample] iter 8:    0.0000000      NaN  
[Resample] iter 9:    0.0000000      NaN  
[Resample] iter 10:   0.0000000      NaN  


Aggregated Result: acc.test.mean=0.1000000,ber.test.mean=     NaN


> # Wyświetlanie wyników
> p = getBMRPredictions(bmr)
> p
$data
$data$classif.naiveBayes
Resampled Prediction for:
Resample description: cross-validation with 10 iterations.
Predict: test
Stratification: FALSE
predict.type: response
threshold: 
time (mean): 0.00
  id truth response iter  set
1 10     4        5    1 test
2  6     5        3    2 test
3  9     5        4    3 test
4  7     2        3    4 test
5  4     5        3    5 test
6  3     2        3    6 test
... (#rows: 10, #cols: 5)

$data$classif.rpart
Resampled Prediction for:
Resample description: cross-validation with 10 iterations.
Predict: test
Stratification: FALSE
predict.type: response
threshold: 
time (mean): 0.00
  id truth response iter  set
1 10     4        5    1 test
2  6     5        4    2 test
3  9     5        4    3 test
4  7     2        4    4 test
5  4     5        4    5 test
6  3     2        4    6 test
... (#rows: 10, #cols: 5)

$data$classif.rFerns
Resampled Prediction for:
Resample description: cross-validation with 10 iterations.
Predict: test
Stratification: FALSE
predict.type: response
threshold: 
time (mean): 0.00
  id truth response iter  set
1 10     4        5    1 test
2  6     5        3    2 test
3  9     5        4    3 test
4  7     2        2    4 test
5  4     5        3    5 test
6  3     2        2    6 test
... (#rows: 10, #cols: 5)

$data$classif.C50
Resampled Prediction for:
Resample description: cross-validation with 10 iterations.
Predict: test
Stratification: FALSE
predict.type: response
threshold: 
time (mean): 0.00
  id truth response iter  set
1 10     4        3    1 test
2  6     5        2    2 test
3  9     5        4    3 test
4  7     2        4    4 test
5  4     5        5    5 test
6  3     2        5    6 test
... (#rows: 10, #cols: 5)

$data$classif.randomForest
Resampled Prediction for:
Resample description: cross-validation with 10 iterations.
Predict: test
Stratification: FALSE
predict.type: response
threshold: 
time (mean): 0.00
  id truth response iter  set
1 10     4        5    1 test
2  6     5        2    2 test
3  9     5        4    3 test
4  7     2        3    4 test
5  4     5        5    5 test
6  3     2        5    6 test
... (#rows: 10, #cols: 5)


> plotBMRSummary(bmr)
> View(p)